../lwip/src/apps/http/httpd.c:446:1:http_state_init	16	static
../lwip/src/apps/http/httpd.c:458:1:http_state_alloc	16	static
../lwip/src/apps/http/httpd.c:476:1:http_state_close_post	16	static
../lwip/src/apps/http/httpd.c:504:1:http_state_eof	16	static
../lwip/src/apps/http/httpd.c:541:1:http_state_free	16	static
../lwip/src/apps/http/httpd.c:560:1:http_write	32	static
../lwip/src/apps/http/httpd.c:623:1:http_close_or_abort_conn	32	static
../lwip/src/apps/http/httpd.c:660:1:http_close_conn	16	static
../lwip/src/apps/http/httpd.c:669:1:http_eof	16	static
../lwip/src/apps/http/httpd.c:1107:1:http_check_eof	24	static
../lwip/src/apps/http/httpd.c:1206:1:http_send_data_nonssi	24	static
../lwip/src/apps/http/httpd.c:1589:1:http_send	24	static
../lwip/src/apps/http/httpd.c:1711:1:http_get_404_file	24	static
../lwip/src/apps/http/httpd.c:1990:1:http_parse_request	64	static
../lwip/src/apps/http/httpd.c:2214:1:http_find_file	80	static
../lwip/src/apps/http/httpd.c:2343:1:http_init_file	32	static
../lwip/src/apps/http/httpd.c:2462:1:http_err	24	static
../lwip/src/apps/http/httpd.c:2479:1:http_sent	32	static
../lwip/src/apps/http/httpd.c:2506:1:http_poll	24	static
../lwip/src/apps/http/httpd.c:2554:1:http_recv	32	static
../lwip/src/apps/http/httpd.c:2639:1:http_accept	32	static
../lwip/src/apps/http/httpd.c:2676:1:httpd_init_pcb	24	static
../lwip/src/apps/http/httpd.c:2697:1:httpd_init	16	static
