00:08:35 **** Incremental Build of configuration Debug for project frdmmcxn947_lwip_dhcp_bm ****
make -r -j32 all 
make[1]: Nothing to be done for 'main-build'.
Performing post-build steps
arm-none-eabi-size "frdmmcxn947_lwip_dhcp_bm.axf"; # arm-none-eabi-objcopy -v -O binary "frdmmcxn947_lwip_dhcp_bm.axf" "frdmmcxn947_lwip_dhcp_bm.bin" ; # checksum -p MCXN947 -d "frdmmcxn947_lwip_dhcp_bm.bin";
   text	   data	    bss	    dec	    hex	filename
 117052	    104	  58912	 176068	  2afc4	frdmmcxn947_lwip_dhcp_bm.axf
 

00:08:35 Build Finished. 0 errors, 0 warnings. (took 539ms)

