22:55:00 **** Incremental Build of configuration Debug for project frdmmcxn947_lwip_httpsrv_bm ****
make -r -j32 all 
make[1]: Nothing to be done for 'main-build'.
Performing post-build steps
arm-none-eabi-size "frdmmcxn947_lwip_httpsrv_bm.axf"; # arm-none-eabi-objcopy -v -O binary "frdmmcxn947_lwip_httpsrv_bm.axf" "frdmmcxn947_lwip_httpsrv_bm.bin" ; # checksum -p MCXN947 -d "frdmmcxn947_lwip_httpsrv_bm.bin";
   text	   data	    bss	    dec	    hex	filename
 122972	    104	  59884	 182960	  2cab0	frdmmcxn947_lwip_httpsrv_bm.axf
 

22:55:01 Build Finished. 0 errors, 0 warnings. (took 555ms)

