10:47:44 **** Build of configuration Debug for project frdmmcxn947_i3c_master_read_sensor_p3t1755 ****
make -r -j32 all 
Building target: frdmmcxn947_i3c_master_read_sensor_p3t1755.axf
Invoking: MCU Linker
arm-none-eabi-gcc -nostdlib -Xlinker -no-warn-rwx-segments -Xlinker -Map="frdmmcxn947_i3c_master_read_sensor_p3t1755.map" -Xlinker --gc-sections -Xlinker -print-memory-usage -Xlinker --sort-section=alignment -Xlinker --cref -mcpu=cortex-m33 -mfpu=fpv5-sp-d16 -mfloat-abi=hard -mthumb -T frdmmcxn947_i3c_master_read_sensor_p3t1755_Debug.ld -o "frdmmcxn947_i3c_master_read_sensor_p3t1755.axf" ./utilities/fsl_assert.o ./utilities/fsl_debug_console.o ./utilities/fsl_memcpy.o ./utilities/fsl_str.o  ./startup/boot_multicore_slave.o ./startup/startup_mcxn947_cm33_core0.o  ./source/i3c_master_read_sensor_p3t1755.o ./source/semihost_hardfault.o  ./drivers/fsl_clock.o ./drivers/fsl_common.o ./drivers/fsl_common_arm.o ./drivers/fsl_gpio.o ./drivers/fsl_i3c.o ./drivers/fsl_inputmux.o ./drivers/fsl_lpflexcomm.o ./drivers/fsl_lpuart.o ./drivers/fsl_reset.o ./drivers/fsl_spc.o  ./device/system_MCXN947_cm33_core0.o  ./component/uart/fsl_adapter_lpuart.o  ./component/p3t1755/fsl_p3t1755.o  ./component/lists/fsl_component_generic_list.o  ./board/board.o ./board/clock_config.o ./board/pin_mux.o   
Memory region         Used Size  Region Size  %age Used
  PROGRAM_FLASH0:       32868 B         1 MB      3.13%
  PROGRAM_FLASH1:          0 GB         1 MB      0.00%
            SRAM:        8844 B       384 KB      2.25%
           SRAMX:          0 GB        96 KB      0.00%
           SRAMH:          0 GB        32 KB      0.00%
         USB_RAM:          0 GB         4 KB      0.00%
Finished building target: frdmmcxn947_i3c_master_read_sensor_p3t1755.axf
 
Performing post-build steps
arm-none-eabi-size "frdmmcxn947_i3c_master_read_sensor_p3t1755.axf"; # arm-none-eabi-objcopy -v -O binary "frdmmcxn947_i3c_master_read_sensor_p3t1755.axf" "frdmmcxn947_i3c_master_read_sensor_p3t1755.bin" ; # checksum -p MCXN947 -d "frdmmcxn947_i3c_master_read_sensor_p3t1755.bin";
   text	   data	    bss	    dec	    hex	filename
  32856	     12	   8832	  41700	   a2e4	frdmmcxn947_i3c_master_read_sensor_p3t1755.axf
 

10:47:45 Build Finished. 0 errors, 0 warnings. (took 793ms)

