10:47:46 **** Build of configuration Debug for project frdmmcxn947_led_blinky ****
make -r -j32 all 
Building target: frdmmcxn947_led_blinky.axf
Invoking: MCU Linker
arm-none-eabi-gcc -nostdlib -Xlinker -no-warn-rwx-segments -Xlinker -Map="frdmmcxn947_led_blinky.map" -Xlinker --gc-sections -Xlinker -print-memory-usage -Xlinker --sort-section=alignment -Xlinker --cref -mcpu=cortex-m33 -mfpu=fpv5-sp-d16 -mfloat-abi=hard -mthumb -T frdmmcxn947_led_blinky_Debug.ld -o "frdmmcxn947_led_blinky.axf" ./utilities/fsl_assert.o ./utilities/fsl_debug_console.o ./utilities/fsl_memcpy.o ./utilities/fsl_str.o  ./startup/boot_multicore_slave.o ./startup/startup_mcxn947_cm33_core0.o  ./source/led_blinky.o ./source/semihost_hardfault.o  ./drivers/fsl_clock.o ./drivers/fsl_common.o ./drivers/fsl_common_arm.o ./drivers/fsl_gpio.o ./drivers/fsl_lpflexcomm.o ./drivers/fsl_lpuart.o ./drivers/fsl_reset.o ./drivers/fsl_spc.o  ./device/system_MCXN947_cm33_core0.o  ./component/uart/fsl_adapter_lpuart.o  ./component/lists/fsl_component_generic_list.o  ./board/board.o ./board/clock_config.o ./board/peripherals.o ./board/pin_mux.o   
Memory region         Used Size  Region Size  %age Used
  PROGRAM_FLASH0:        8220 B         1 MB      0.78%
  PROGRAM_FLASH1:          0 GB         1 MB      0.00%
            SRAM:        8720 B       384 KB      2.22%
           SRAMX:          0 GB        96 KB      0.00%
           SRAMH:          0 GB        32 KB      0.00%
         USB_RAM:          0 GB         4 KB      0.00%
Finished building target: frdmmcxn947_led_blinky.axf
 
Performing post-build steps
arm-none-eabi-size "frdmmcxn947_led_blinky.axf"; # arm-none-eabi-objcopy -v -O binary "frdmmcxn947_led_blinky.axf" "frdmmcxn947_led_blinky.bin" ; # checksum -p MCXN947 -d "frdmmcxn947_led_blinky.bin";
   text	   data	    bss	    dec	    hex	filename
   8216	      4	   8716	  16936	   4228	frdmmcxn947_led_blinky.axf
 

10:47:46 Build Finished. 0 errors, 0 warnings. (took 751ms)

