../drivers/flash/src/fsl_flash.c:151:10:FLASH_Init	16	static
../drivers/flash/src/fsl_flash.c:162:10:FLASH_Deinit	16	static
../drivers/flash/src/fsl_flash.c:174:10:FLASH_Erase	32	static
../drivers/flash/src/fsl_flash.c:186:10:FLASH_Program	32	static
../drivers/flash/src/fsl_flash.c:199:10:FLASH_VerifyErase	24	static
../drivers/flash/src/fsl_flash.c:211:10:FLASH_Read	32	static
../drivers/flash/src/fsl_flash.c:224:10:FLASH_VerifyProgram	40	static
../drivers/flash/src/fsl_flash.c:239:10:FLASH_GetProperty	24	static
../drivers/flash/src/fsl_flash.c:245:10:FLASH_GetCustKeyStore	32	static
../drivers/flash/src/fsl_flash.c:282:10:FLASH_IsFlashAreaReadable	32	static
../drivers/flash/src/fsl_flash.c:297:10:FFR_Init	16	static
../drivers/flash/src/fsl_flash.c:306:10:FFR_Lock	16	static
../drivers/flash/src/fsl_flash.c:316:10:FFR_CustFactoryPageWrite	24	static
../drivers/flash/src/fsl_flash.c:325:10:FFR_GetUUID	16	static
../drivers/flash/src/fsl_flash.c:335:10:FFR_GetCustomerData	32	static
../drivers/flash/src/fsl_flash.c:344:10:FFR_CustKeystoreWrite	16	static
../drivers/flash/src/fsl_flash.c:354:10:FFR_InfieldPageWrite	24	static
../drivers/flash/src/fsl_flash.c:364:10:FFR_GetCustomerInfieldData	32	static
../drivers/flash/src/fsl_flash.c:374:10:FFR_GetCustKeystoreData	32	static
../drivers/flash/src/fsl_flash.c:386:10:FLEXSPI_NorFlash_Init	16	static
../drivers/flash/src/fsl_flash.c:395:10:FLEXSPI_NorFlash_ProgramPage	32	static
../drivers/flash/src/fsl_flash.c:407:10:FLEXSPI_NorFlash_EraseAll	16	static
../drivers/flash/src/fsl_flash.c:416:10:FLEXSPI_NorFlash_Erase	32	static
../drivers/flash/src/fsl_flash.c:425:10:FLEXSPI_NorFlash_EraseSector	24	static
../drivers/flash/src/fsl_flash.c:434:10:FLEXSPI_NorFlash_EraseBlock	24	static
../drivers/flash/src/fsl_flash.c:443:10:FLEXSPI_NorFlash_GetVersion	4	static
../drivers/flash/src/fsl_flash.c:452:10:FLEXSPI_NorFlash_GetConfig	24	static
../drivers/flash/src/fsl_flash.c:461:10:FLEXSPI_NorFlash_Read	40	static
../drivers/flash/src/fsl_flash.c:471:10:FLEXSPI_NorFlash_CommandXfer	16	static
../drivers/flash/src/fsl_flash.c:480:10:FLEXSPI_NorFlash_UpdateLut	32	static
../drivers/flash/src/fsl_flash.c:489:10:FLEXSPI_NorFlash_SetClockSource	16	static
../drivers/flash/src/fsl_flash.c:498:6:FLEXSPI_NorFlash_ConfigClock	24	static
../drivers/flash/src/fsl_flash.c:511:10:EFUSE_Init	8	static
../drivers/flash/src/fsl_flash.c:520:10:EFUSE_Deinit	8	static
../drivers/flash/src/fsl_flash.c:529:10:EFUSE_Read	16	static
../drivers/flash/src/fsl_flash.c:538:10:EFUSE_Program	24	static
