../startup/startup_mcxn947_cm33_core0.c:614:6:data_init	4	static
../startup/startup_mcxn947_cm33_core0.c:623:6:bss_init	0	static
../startup/startup_mcxn947_cm33_core0.c:648:6:ResetISR	0	static
../startup/startup_mcxn947_cm33_core0.c:734:14:NMI_Handler	0	static
../startup/startup_mcxn947_cm33_core0.c:738:14:HardFault_Handler	0	static
../startup/startup_mcxn947_cm33_core0.c:742:14:MemManage_Handler	0	static
../startup/startup_mcxn947_cm33_core0.c:746:14:BusFault_Handler	0	static
../startup/startup_mcxn947_cm33_core0.c:750:14:UsageFault_Handler	0	static
../startup/startup_mcxn947_cm33_core0.c:754:14:SecureFault_Handler	0	static
../startup/startup_mcxn947_cm33_core0.c:758:14:SVC_Handler	0	static
../startup/startup_mcxn947_cm33_core0.c:762:14:DebugMon_Handler	0	static
../startup/startup_mcxn947_cm33_core0.c:766:14:PendSV_Handler	0	static
../startup/startup_mcxn947_cm33_core0.c:770:14:SysTick_Handler	0	static
../startup/startup_mcxn947_cm33_core0.c:778:14:IntDefaultHandler	0	static
../startup/startup_mcxn947_cm33_core0.c:788:11:OR_IRQHandler	8	static
../startup/startup_mcxn947_cm33_core0.c:792:11:EDMA_0_CH0_IRQHandler	8	static
../startup/startup_mcxn947_cm33_core0.c:796:11:EDMA_0_CH1_IRQHandler	8	static
../startup/startup_mcxn947_cm33_core0.c:800:11:EDMA_0_CH2_IRQHandler	8	static
../startup/startup_mcxn947_cm33_core0.c:804:11:EDMA_0_CH3_IRQHandler	8	static
../startup/startup_mcxn947_cm33_core0.c:808:11:EDMA_0_CH4_IRQHandler	8	static
../startup/startup_mcxn947_cm33_core0.c:812:11:EDMA_0_CH5_IRQHandler	8	static
../startup/startup_mcxn947_cm33_core0.c:816:11:EDMA_0_CH6_IRQHandler	8	static
../startup/startup_mcxn947_cm33_core0.c:820:11:EDMA_0_CH7_IRQHandler	8	static
../startup/startup_mcxn947_cm33_core0.c:824:11:EDMA_0_CH8_IRQHandler	8	static
../startup/startup_mcxn947_cm33_core0.c:828:11:EDMA_0_CH9_IRQHandler	8	static
../startup/startup_mcxn947_cm33_core0.c:832:11:EDMA_0_CH10_IRQHandler	8	static
../startup/startup_mcxn947_cm33_core0.c:836:11:EDMA_0_CH11_IRQHandler	8	static
../startup/startup_mcxn947_cm33_core0.c:840:11:EDMA_0_CH12_IRQHandler	8	static
../startup/startup_mcxn947_cm33_core0.c:844:11:EDMA_0_CH13_IRQHandler	8	static
../startup/startup_mcxn947_cm33_core0.c:848:11:EDMA_0_CH14_IRQHandler	8	static
../startup/startup_mcxn947_cm33_core0.c:852:11:EDMA_0_CH15_IRQHandler	8	static
../startup/startup_mcxn947_cm33_core0.c:856:11:GPIO00_IRQHandler	8	static
../startup/startup_mcxn947_cm33_core0.c:860:11:GPIO01_IRQHandler	8	static
../startup/startup_mcxn947_cm33_core0.c:864:11:GPIO10_IRQHandler	8	static
../startup/startup_mcxn947_cm33_core0.c:868:11:GPIO11_IRQHandler	8	static
../startup/startup_mcxn947_cm33_core0.c:872:11:GPIO20_IRQHandler	8	static
../startup/startup_mcxn947_cm33_core0.c:876:11:GPIO21_IRQHandler	8	static
../startup/startup_mcxn947_cm33_core0.c:880:11:GPIO30_IRQHandler	8	static
../startup/startup_mcxn947_cm33_core0.c:884:11:GPIO31_IRQHandler	8	static
../startup/startup_mcxn947_cm33_core0.c:888:11:GPIO40_IRQHandler	8	static
../startup/startup_mcxn947_cm33_core0.c:892:11:GPIO41_IRQHandler	8	static
../startup/startup_mcxn947_cm33_core0.c:896:11:GPIO50_IRQHandler	8	static
../startup/startup_mcxn947_cm33_core0.c:900:11:GPIO51_IRQHandler	8	static
../startup/startup_mcxn947_cm33_core0.c:904:11:UTICK0_IRQHandler	8	static
../startup/startup_mcxn947_cm33_core0.c:908:11:MRT0_IRQHandler	8	static
../startup/startup_mcxn947_cm33_core0.c:912:11:CTIMER0_IRQHandler	8	static
../startup/startup_mcxn947_cm33_core0.c:916:11:CTIMER1_IRQHandler	8	static
../startup/startup_mcxn947_cm33_core0.c:920:11:SCT0_IRQHandler	8	static
../startup/startup_mcxn947_cm33_core0.c:924:11:CTIMER2_IRQHandler	8	static
../startup/startup_mcxn947_cm33_core0.c:928:11:LP_FLEXCOMM0_IRQHandler	8	static
../startup/startup_mcxn947_cm33_core0.c:932:11:LP_FLEXCOMM1_IRQHandler	8	static
../startup/startup_mcxn947_cm33_core0.c:936:11:LP_FLEXCOMM2_IRQHandler	8	static
../startup/startup_mcxn947_cm33_core0.c:940:11:LP_FLEXCOMM3_IRQHandler	8	static
../startup/startup_mcxn947_cm33_core0.c:944:11:LP_FLEXCOMM4_IRQHandler	8	static
../startup/startup_mcxn947_cm33_core0.c:948:11:LP_FLEXCOMM5_IRQHandler	8	static
../startup/startup_mcxn947_cm33_core0.c:952:11:LP_FLEXCOMM6_IRQHandler	8	static
../startup/startup_mcxn947_cm33_core0.c:956:11:LP_FLEXCOMM7_IRQHandler	8	static
../startup/startup_mcxn947_cm33_core0.c:960:11:LP_FLEXCOMM8_IRQHandler	8	static
../startup/startup_mcxn947_cm33_core0.c:964:11:LP_FLEXCOMM9_IRQHandler	8	static
../startup/startup_mcxn947_cm33_core0.c:968:11:ADC0_IRQHandler	8	static
../startup/startup_mcxn947_cm33_core0.c:972:11:ADC1_IRQHandler	8	static
../startup/startup_mcxn947_cm33_core0.c:976:11:PINT0_IRQHandler	8	static
../startup/startup_mcxn947_cm33_core0.c:980:11:PDM_EVENT_IRQHandler	8	static
../startup/startup_mcxn947_cm33_core0.c:984:11:Reserved65_IRQHandler	8	static
../startup/startup_mcxn947_cm33_core0.c:988:11:USB0_FS_IRQHandler	8	static
../startup/startup_mcxn947_cm33_core0.c:992:11:USB0_DCD_IRQHandler	8	static
../startup/startup_mcxn947_cm33_core0.c:996:11:RTC_IRQHandler	8	static
../startup/startup_mcxn947_cm33_core0.c:1000:11:SMARTDMA_IRQHandler	8	static
../startup/startup_mcxn947_cm33_core0.c:1004:11:MAILBOX_IRQHandler	8	static
../startup/startup_mcxn947_cm33_core0.c:1008:11:CTIMER3_IRQHandler	8	static
../startup/startup_mcxn947_cm33_core0.c:1012:11:CTIMER4_IRQHandler	8	static
../startup/startup_mcxn947_cm33_core0.c:1016:11:OS_EVENT_IRQHandler	8	static
../startup/startup_mcxn947_cm33_core0.c:1020:11:FLEXSPI0_IRQHandler	8	static
../startup/startup_mcxn947_cm33_core0.c:1024:11:SAI0_IRQHandler	8	static
../startup/startup_mcxn947_cm33_core0.c:1028:11:SAI1_IRQHandler	8	static
../startup/startup_mcxn947_cm33_core0.c:1032:11:USDHC0_IRQHandler	8	static
../startup/startup_mcxn947_cm33_core0.c:1036:11:CAN0_IRQHandler	8	static
../startup/startup_mcxn947_cm33_core0.c:1040:11:CAN1_IRQHandler	8	static
../startup/startup_mcxn947_cm33_core0.c:1044:11:Reserved80_IRQHandler	8	static
../startup/startup_mcxn947_cm33_core0.c:1048:11:Reserved81_IRQHandler	8	static
../startup/startup_mcxn947_cm33_core0.c:1052:11:USB1_HS_PHY_IRQHandler	8	static
../startup/startup_mcxn947_cm33_core0.c:1056:11:USB1_HS_IRQHandler	8	static
../startup/startup_mcxn947_cm33_core0.c:1060:11:SEC_HYPERVISOR_CALL_IRQHandler	8	static
../startup/startup_mcxn947_cm33_core0.c:1064:11:Reserved85_IRQHandler	8	static
../startup/startup_mcxn947_cm33_core0.c:1068:11:PLU_IRQHandler	8	static
../startup/startup_mcxn947_cm33_core0.c:1072:11:Freqme_IRQHandler	8	static
../startup/startup_mcxn947_cm33_core0.c:1076:11:SEC_VIO_IRQHandler	8	static
../startup/startup_mcxn947_cm33_core0.c:1080:11:ELS_IRQHandler	8	static
../startup/startup_mcxn947_cm33_core0.c:1084:11:PKC_IRQHandler	8	static
../startup/startup_mcxn947_cm33_core0.c:1088:11:PUF_IRQHandler	8	static
../startup/startup_mcxn947_cm33_core0.c:1092:11:PQ_IRQHandler	8	static
../startup/startup_mcxn947_cm33_core0.c:1096:11:EDMA_1_CH0_IRQHandler	8	static
../startup/startup_mcxn947_cm33_core0.c:1100:11:EDMA_1_CH1_IRQHandler	8	static
../startup/startup_mcxn947_cm33_core0.c:1104:11:EDMA_1_CH2_IRQHandler	8	static
../startup/startup_mcxn947_cm33_core0.c:1108:11:EDMA_1_CH3_IRQHandler	8	static
../startup/startup_mcxn947_cm33_core0.c:1112:11:EDMA_1_CH4_IRQHandler	8	static
../startup/startup_mcxn947_cm33_core0.c:1116:11:EDMA_1_CH5_IRQHandler	8	static
../startup/startup_mcxn947_cm33_core0.c:1120:11:EDMA_1_CH6_IRQHandler	8	static
../startup/startup_mcxn947_cm33_core0.c:1124:11:EDMA_1_CH7_IRQHandler	8	static
../startup/startup_mcxn947_cm33_core0.c:1128:11:EDMA_1_CH8_IRQHandler	8	static
../startup/startup_mcxn947_cm33_core0.c:1132:11:EDMA_1_CH9_IRQHandler	8	static
../startup/startup_mcxn947_cm33_core0.c:1136:11:EDMA_1_CH10_IRQHandler	8	static
../startup/startup_mcxn947_cm33_core0.c:1140:11:EDMA_1_CH11_IRQHandler	8	static
../startup/startup_mcxn947_cm33_core0.c:1144:11:EDMA_1_CH12_IRQHandler	8	static
../startup/startup_mcxn947_cm33_core0.c:1148:11:EDMA_1_CH13_IRQHandler	8	static
../startup/startup_mcxn947_cm33_core0.c:1152:11:EDMA_1_CH14_IRQHandler	8	static
../startup/startup_mcxn947_cm33_core0.c:1156:11:EDMA_1_CH15_IRQHandler	8	static
../startup/startup_mcxn947_cm33_core0.c:1160:11:CDOG0_IRQHandler	8	static
../startup/startup_mcxn947_cm33_core0.c:1164:11:CDOG1_IRQHandler	8	static
../startup/startup_mcxn947_cm33_core0.c:1168:11:I3C0_IRQHandler	8	static
../startup/startup_mcxn947_cm33_core0.c:1172:11:I3C1_IRQHandler	8	static
../startup/startup_mcxn947_cm33_core0.c:1176:11:NPU_IRQHandler	8	static
../startup/startup_mcxn947_cm33_core0.c:1180:11:GDET_IRQHandler	8	static
../startup/startup_mcxn947_cm33_core0.c:1184:11:VBAT0_IRQHandler	8	static
../startup/startup_mcxn947_cm33_core0.c:1188:11:EWM0_IRQHandler	8	static
../startup/startup_mcxn947_cm33_core0.c:1192:11:TSI_END_OF_SCAN_IRQHandler	8	static
../startup/startup_mcxn947_cm33_core0.c:1196:11:TSI_OUT_OF_SCAN_IRQHandler	8	static
../startup/startup_mcxn947_cm33_core0.c:1200:11:EMVSIM0_IRQHandler	8	static
../startup/startup_mcxn947_cm33_core0.c:1204:11:EMVSIM1_IRQHandler	8	static
../startup/startup_mcxn947_cm33_core0.c:1208:11:FLEXIO_IRQHandler	8	static
../startup/startup_mcxn947_cm33_core0.c:1212:11:DAC0_IRQHandler	8	static
../startup/startup_mcxn947_cm33_core0.c:1216:11:DAC1_IRQHandler	8	static
../startup/startup_mcxn947_cm33_core0.c:1220:11:DAC2_IRQHandler	8	static
../startup/startup_mcxn947_cm33_core0.c:1224:11:HSCMP0_IRQHandler	8	static
../startup/startup_mcxn947_cm33_core0.c:1228:11:HSCMP1_IRQHandler	8	static
../startup/startup_mcxn947_cm33_core0.c:1232:11:HSCMP2_IRQHandler	8	static
../startup/startup_mcxn947_cm33_core0.c:1236:11:FLEXPWM0_RELOAD_ERROR_IRQHandler	8	static
../startup/startup_mcxn947_cm33_core0.c:1240:11:FLEXPWM0_FAULT_IRQHandler	8	static
../startup/startup_mcxn947_cm33_core0.c:1244:11:FLEXPWM0_SUBMODULE0_IRQHandler	8	static
../startup/startup_mcxn947_cm33_core0.c:1248:11:FLEXPWM0_SUBMODULE1_IRQHandler	8	static
../startup/startup_mcxn947_cm33_core0.c:1252:11:FLEXPWM0_SUBMODULE2_IRQHandler	8	static
../startup/startup_mcxn947_cm33_core0.c:1256:11:FLEXPWM0_SUBMODULE3_IRQHandler	8	static
../startup/startup_mcxn947_cm33_core0.c:1260:11:FLEXPWM1_RELOAD_ERROR_IRQHandler	8	static
../startup/startup_mcxn947_cm33_core0.c:1264:11:FLEXPWM1_FAULT_IRQHandler	8	static
../startup/startup_mcxn947_cm33_core0.c:1268:11:FLEXPWM1_SUBMODULE0_IRQHandler	8	static
../startup/startup_mcxn947_cm33_core0.c:1272:11:FLEXPWM1_SUBMODULE1_IRQHandler	8	static
../startup/startup_mcxn947_cm33_core0.c:1276:11:FLEXPWM1_SUBMODULE2_IRQHandler	8	static
../startup/startup_mcxn947_cm33_core0.c:1280:11:FLEXPWM1_SUBMODULE3_IRQHandler	8	static
../startup/startup_mcxn947_cm33_core0.c:1284:11:QDC0_COMPARE_IRQHandler	8	static
../startup/startup_mcxn947_cm33_core0.c:1288:11:QDC0_HOME_IRQHandler	8	static
../startup/startup_mcxn947_cm33_core0.c:1292:11:QDC0_WDG_SAB_IRQHandler	8	static
../startup/startup_mcxn947_cm33_core0.c:1296:11:QDC0_IDX_IRQHandler	8	static
../startup/startup_mcxn947_cm33_core0.c:1300:11:QDC1_COMPARE_IRQHandler	8	static
../startup/startup_mcxn947_cm33_core0.c:1304:11:QDC1_HOME_IRQHandler	8	static
../startup/startup_mcxn947_cm33_core0.c:1308:11:QDC1_WDG_SAB_IRQHandler	8	static
../startup/startup_mcxn947_cm33_core0.c:1312:11:QDC1_IDX_IRQHandler	8	static
../startup/startup_mcxn947_cm33_core0.c:1316:11:ITRC0_IRQHandler	8	static
../startup/startup_mcxn947_cm33_core0.c:1320:11:BSP32_IRQHandler	8	static
../startup/startup_mcxn947_cm33_core0.c:1324:11:ELS_ERR_IRQHandler	8	static
../startup/startup_mcxn947_cm33_core0.c:1328:11:PKC_ERR_IRQHandler	8	static
../startup/startup_mcxn947_cm33_core0.c:1332:11:ERM_SINGLE_BIT_ERROR_IRQHandler	8	static
../startup/startup_mcxn947_cm33_core0.c:1336:11:ERM_MULTI_BIT_ERROR_IRQHandler	8	static
../startup/startup_mcxn947_cm33_core0.c:1340:11:FMU0_IRQHandler	8	static
../startup/startup_mcxn947_cm33_core0.c:1344:11:ETHERNET_IRQHandler	8	static
../startup/startup_mcxn947_cm33_core0.c:1348:11:ETHERNET_PMT_IRQHandler	8	static
../startup/startup_mcxn947_cm33_core0.c:1352:11:ETHERNET_MACLP_IRQHandler	8	static
../startup/startup_mcxn947_cm33_core0.c:1356:11:SINC_FILTER_IRQHandler	8	static
../startup/startup_mcxn947_cm33_core0.c:1360:11:LPTMR0_IRQHandler	8	static
../startup/startup_mcxn947_cm33_core0.c:1364:11:LPTMR1_IRQHandler	8	static
../startup/startup_mcxn947_cm33_core0.c:1368:11:SCG_IRQHandler	8	static
../startup/startup_mcxn947_cm33_core0.c:1372:11:SPC_IRQHandler	8	static
../startup/startup_mcxn947_cm33_core0.c:1376:11:WUU_IRQHandler	8	static
../startup/startup_mcxn947_cm33_core0.c:1380:11:PORT_EFT_IRQHandler	8	static
../startup/startup_mcxn947_cm33_core0.c:1384:11:ETB0_IRQHandler	8	static
../startup/startup_mcxn947_cm33_core0.c:1388:11:Reserved166_IRQHandler	8	static
../startup/startup_mcxn947_cm33_core0.c:1392:11:Reserved167_IRQHandler	8	static
../startup/startup_mcxn947_cm33_core0.c:1396:11:WWDT0_IRQHandler	8	static
../startup/startup_mcxn947_cm33_core0.c:1400:11:WWDT1_IRQHandler	8	static
../startup/startup_mcxn947_cm33_core0.c:1404:11:CMC0_IRQHandler	8	static
../startup/startup_mcxn947_cm33_core0.c:1408:11:CTI0_IRQHandler	8	static
