D:\Documents\MCUXpressoIDE_11.10.0_3148\frdmmcxn947_lwip_httpsrv_bm\CMSIS/core_cm33.h:2390:22:__NVIC_EnableIRQ	16	static
D:\Documents\MCUXpressoIDE_11.10.0_3148\frdmmcxn947_lwip_httpsrv_bm\CMSIS/core_cm33.h:2587:22:__NVIC_SetPriority	16	static
D:\Documents\MCUXpressoIDE_11.10.0_3148\frdmmcxn947_lwip_httpsrv_bm\drivers/fsl_common_arm.h:788:24:DisableGlobalIRQ	16	static
D:\Documents\MCUXpressoIDE_11.10.0_3148\frdmmcxn947_lwip_httpsrv_bm\drivers/fsl_common_arm.h:814:20:EnableGlobalIRQ	24	static
D:\Documents\MCUXpressoIDE_11.10.0_3148\frdmmcxn947_lwip_httpsrv_bm\drivers/fsl_gpio.h:329:20:GPIO_PinWrite	24	static
D:\Documents\MCUXpressoIDE_11.10.0_3148\frdmmcxn947_lwip_httpsrv_bm\drivers/fsl_gpio.h:411:24:GPIO_PinRead	16	static
D:\Documents\MCUXpressoIDE_11.10.0_3148\frdmmcxn947_lwip_httpsrv_bm\drivers/fsl_gpio.h:466:20:GPIO_SetPinInterruptConfig	24	static
../component/gpio/fsl_adapter_gpio.c:75:13:HAL_GpioInterruptHandle	32	static
../component/gpio/fsl_adapter_gpio.c:131:26:HAL_GpioConflictSearch	16	static
../component/gpio/fsl_adapter_gpio.c:145:26:HAL_GpioAddItem	32	static
../component/gpio/fsl_adapter_gpio.c:177:26:HAL_GpioRemoveItem	32	static
../component/gpio/fsl_adapter_gpio.c:301:6:GPIOA_INT0_IRQHandler	8	static
../component/gpio/fsl_adapter_gpio.c:308:6:GPIOA_INT1_IRQHandler	8	static
../component/gpio/fsl_adapter_gpio.c:316:6:GPIOB_INT0_IRQHandler	8	static
../component/gpio/fsl_adapter_gpio.c:322:6:GPIOB_INT1_IRQHandler	8	static
../component/gpio/fsl_adapter_gpio.c:330:6:GPIOC_INT0_IRQHandler	8	static
../component/gpio/fsl_adapter_gpio.c:336:6:GPIOC_INT1_IRQHandler	8	static
../component/gpio/fsl_adapter_gpio.c:344:6:GPIOD_INT0_IRQHandler	8	static
../component/gpio/fsl_adapter_gpio.c:350:6:GPIOD_INT1_IRQHandler	8	static
../component/gpio/fsl_adapter_gpio.c:358:6:GPIO00_IRQHandler	8	static
../component/gpio/fsl_adapter_gpio.c:365:6:GPIO01_IRQHandler	8	static
../component/gpio/fsl_adapter_gpio.c:373:6:GPIO10_IRQHandler	8	static
../component/gpio/fsl_adapter_gpio.c:379:6:GPIO11_IRQHandler	8	static
../component/gpio/fsl_adapter_gpio.c:387:6:GPIO20_IRQHandler	8	static
../component/gpio/fsl_adapter_gpio.c:393:6:GPIO21_IRQHandler	8	static
../component/gpio/fsl_adapter_gpio.c:401:6:GPIO30_IRQHandler	8	static
../component/gpio/fsl_adapter_gpio.c:407:6:GPIO31_IRQHandler	8	static
../component/gpio/fsl_adapter_gpio.c:415:6:GPIO40_IRQHandler	8	static
../component/gpio/fsl_adapter_gpio.c:421:6:GPIO41_IRQHandler	8	static
../component/gpio/fsl_adapter_gpio.c:429:6:GPIO50_IRQHandler	8	static
../component/gpio/fsl_adapter_gpio.c:435:6:GPIO51_IRQHandler	8	static
../component/gpio/fsl_adapter_gpio.c:443:6:GPIO60_IRQHandler	8	static
../component/gpio/fsl_adapter_gpio.c:449:6:GPIO61_IRQHandler	8	static
../component/gpio/fsl_adapter_gpio.c:457:6:GPIO70_IRQHandler	8	static
../component/gpio/fsl_adapter_gpio.c:463:6:GPIO71_IRQHandler	8	static
../component/gpio/fsl_adapter_gpio.c:471:6:GPIO80_IRQHandler	8	static
../component/gpio/fsl_adapter_gpio.c:477:6:GPIO81_IRQHandler	8	static
../component/gpio/fsl_adapter_gpio.c:485:6:GPIO90_IRQHandler	8	static
../component/gpio/fsl_adapter_gpio.c:491:6:GPIO91_IRQHandler	8	static
../component/gpio/fsl_adapter_gpio.c:499:6:GPIO100_IRQHandler	8	static
../component/gpio/fsl_adapter_gpio.c:505:6:GPIO101_IRQHandler	8	static
../component/gpio/fsl_adapter_gpio.c:513:6:GPIO0_IRQHandler	8	static
../component/gpio/fsl_adapter_gpio.c:522:6:GPIO1_IRQHandler	8	static
../component/gpio/fsl_adapter_gpio.c:531:6:GPIO2_IRQHandler	8	static
../component/gpio/fsl_adapter_gpio.c:540:6:GPIO3_IRQHandler	8	static
../component/gpio/fsl_adapter_gpio.c:549:6:HAL_GpioPreInit	4	static
../component/gpio/fsl_adapter_gpio.c:554:19:HAL_GpioInit	24	static
../component/gpio/fsl_adapter_gpio.c:585:19:HAL_GpioDeinit	24	static
../component/gpio/fsl_adapter_gpio.c:600:19:HAL_GpioGetInput	24	static
../component/gpio/fsl_adapter_gpio.c:613:19:HAL_GpioSetOutput	24	static
../component/gpio/fsl_adapter_gpio.c:625:19:HAL_GpioInstallCallback	32	static
../component/gpio/fsl_adapter_gpio.c:641:19:HAL_GpioGetTriggerMode	24	static
../component/gpio/fsl_adapter_gpio.c:658:19:HAL_GpioSetTriggerMode	24	static
../component/gpio/fsl_adapter_gpio.c:743:19:HAL_GpioWakeUpSetting	24	static
../component/gpio/fsl_adapter_gpio.c:763:19:HAL_GpioEnterLowpower	16	static
../component/gpio/fsl_adapter_gpio.c:770:19:HAL_GpioExitLowpower	24	static
