D:\Documents\MCUXpressoIDE_11.10.0_3148\frdmmcxn947_lwip_httpsrv_bm\CMSIS/core_cm33.h:2587:22:__NVIC_SetPriority	16	static
D:\Documents\MCUXpressoIDE_11.10.0_3148\frdmmcxn947_lwip_httpsrv_bm\drivers/fsl_enet.h:770:20:ENET_SetMII	24	static
../lwip/port/enet_ethernetif_lpc.c:223:13:ethernet_callback	24	static
../lwip/port/enet_ethernetif_lpc.c:349:36:ethernetif_get_rx_desc	16	static
../lwip/port/enet_ethernetif_lpc.c:357:36:ethernetif_get_tx_desc	16	static
../lwip/port/enet_ethernetif_lpc.c:365:14:ethernetif_rx_alloc	48	static
../lwip/port/enet_ethernetif_lpc.c:401:20:ethernetif_release_rx_wrapper	24	static
../lwip/port/enet_ethernetif_lpc.c:419:13:ethernetif_rx_free	40	static
../lwip/port/enet_ethernetif_lpc.c:438:6:ethernetif_plat_init	112	static
../lwip/port/enet_ethernetif_lpc.c:519:15:ethernetif_get_phy	24	static
../lwip/port/enet_ethernetif_lpc.c:525:19:ethernetif_get_int_gpio_hdl	24	static
../lwip/port/enet_ethernetif_lpc.c:531:13:ethernetif_get_link_speed	24	static
../lwip/port/enet_ethernetif_lpc.c:537:14:ethernetif_get_link_duplex	24	static
../lwip/port/enet_ethernetif_lpc.c:543:6:ethernetif_on_link_up	24	static
../lwip/port/enet_ethernetif_lpc.c:556:6:ethernetif_on_link_down	24	static
../lwip/port/enet_ethernetif_lpc.c:562:8:ethernetif_base_ptr	16	static
../lwip/port/enet_ethernetif_lpc.c:570:13:ethernetif_tx_release	16	static
../lwip/port/enet_ethernetif_lpc.c:592:13:ethernetif_rx_release	24	static
../lwip/port/enet_ethernetif_lpc.c:600:21:ethernetif_rx_frame_to_pbufs	56	static
../lwip/port/enet_ethernetif_lpc.c:702:14:ethernetif_linkinput	80	static
../lwip/port/enet_ethernetif_lpc.c:751:7:ethernetif_linkoutput	152	static
../lwip/port/enet_ethernetif_lpc.c:945:7:ethernetif0_init	24	static
