../lwip/src/core/pbuf.c:179:1:pbuf_init_alloced_pbuf	24	static
../lwip/src/core/pbuf.c:226:1:pbuf_alloc	56	static
../lwip/src/core/pbuf.c:329:1:pbuf_alloc_reference	32	static
../lwip/src/core/pbuf.c:365:1:pbuf_alloced_custom	40	static
../lwip/src/core/pbuf.c:404:1:pbuf_realloc	32	static
../lwip/src/core/pbuf.c:478:1:pbuf_add_header_impl	32	static
../lwip/src/core/pbuf.c:556:1:pbuf_add_header	16	static
../lwip/src/core/pbuf.c:566:1:pbuf_add_header_force	16	static
../lwip/src/core/pbuf.c:587:1:pbuf_remove_header	24	static
../lwip/src/core/pbuf.c:621:1:pbuf_header_impl	16	static
../lwip/src/core/pbuf.c:651:1:pbuf_header	16	static
../lwip/src/core/pbuf.c:661:1:pbuf_header_force	16	static
../lwip/src/core/pbuf.c:676:1:pbuf_free_header	32	static
../lwip/src/core/pbuf.c:729:1:pbuf_free	40	static
../lwip/src/core/pbuf.c:813:1:pbuf_clen	24	static
../lwip/src/core/pbuf.c:833:1:pbuf_ref	24	static
../lwip/src/core/pbuf.c:857:1:pbuf_cat	24	static
../lwip/src/core/pbuf.c:900:1:pbuf_chain	16	static
../lwip/src/core/pbuf.c:917:1:pbuf_dechain	24	static
../lwip/src/core/pbuf.c:962:1:pbuf_copy	16	static
../lwip/src/core/pbuf.c:989:1:pbuf_copy_partial_pbuf	40	static
../lwip/src/core/pbuf.c:1061:1:pbuf_copy_partial	40	static
../lwip/src/core/pbuf.c:1111:1:pbuf_get_contiguous	32	static
../lwip/src/core/pbuf.c:1192:1:pbuf_skip_const	32	static
../lwip/src/core/pbuf.c:1218:1:pbuf_skip	32	static
../lwip/src/core/pbuf.c:1236:1:pbuf_take	40	static
../lwip/src/core/pbuf.c:1280:1:pbuf_take_at	40	static
../lwip/src/core/pbuf.c:1318:1:pbuf_coalesce	24	static
../lwip/src/core/pbuf.c:1346:1:pbuf_clone	24	static
../lwip/src/core/pbuf.c:1411:1:pbuf_get_at	24	static
../lwip/src/core/pbuf.c:1429:1:pbuf_try_get_at	24	static
../lwip/src/core/pbuf.c:1451:1:pbuf_put_at	24	static
../lwip/src/core/pbuf.c:1474:1:pbuf_memcmp	40	static
../lwip/src/core/pbuf.c:1516:1:pbuf_memfind	32	static
../lwip/src/core/pbuf.c:1543:1:pbuf_strstr	24	static
