D:\Documents\MCUXpressoIDE_11.10.0_3148\frdmmcxn947_lwip_httpsrv_bm\CMSIS/core_cm33.h:2390:22:__NVIC_EnableIRQ	16	static
D:\Documents\MCUXpressoIDE_11.10.0_3148\frdmmcxn947_lwip_httpsrv_bm\CMSIS/core_cm33.h:2428:22:__NVIC_DisableIRQ	16	static
../drivers/fsl_clock.h:1394:20:CLOCK_EnableClock	24	static
../drivers/fsl_clock.h:1420:20:CLOCK_DisableClock	24	static
../drivers/fsl_common_arm.h:570:24:EnableIRQ	24	static
../drivers/fsl_common_arm.h:614:24:DisableIRQ	24	static
../drivers/fsl_enet.h:792:20:ENET_IsSMIBusy	16	static
../drivers/fsl_enet.h:803:24:ENET_ReadSMIData	16	static
../drivers/fsl_enet.h:872:20:ENET_SetMacAddr	24	static
../drivers/fsl_enet.c:166:17:ENET_IncreaseIndex	16	static
../drivers/fsl_enet.c:177:13:ENET_SetSYSControl	16	static
../drivers/fsl_enet.c:195:13:ENET_SetDMAControl	32	static
../drivers/fsl_enet.c:228:13:ENET_SetMTL	32	static
../drivers/fsl_enet.c:273:13:ENET_SetMacControl	32	static
../drivers/fsl_enet.c:318:17:ENET_TxDescriptorsInit	40	static
../drivers/fsl_enet.c:357:17:ENET_RxDescriptorsInit	56	static
../drivers/fsl_enet.c:500:10:ENET_GetInstance	24	static
../drivers/fsl_enet.c:532:6:ENET_GetDefaultConfig	16	static
../drivers/fsl_enet.c:575:6:ENET_Init	32	static
../drivers/fsl_enet.c:611:6:ENET_Deinit	16	static
../drivers/fsl_enet.c:636:10:ENET_DescriptorInit	32	static
../drivers/fsl_enet.c:678:6:ENET_StartRxTx	24	static
../drivers/fsl_enet.c:713:6:ENET_SetISRHandler	16	static
../drivers/fsl_enet.c:733:6:ENET_EnableInterrupts	24	static
../drivers/fsl_enet.c:778:6:ENET_ClearMacInterruptStatus	24	static
../drivers/fsl_enet.c:811:6:ENET_DisableInterrupts	24	static
../drivers/fsl_enet.c:857:6:ENET_CreateHandler	40	static
../drivers/fsl_enet.c:949:6:ENET_GetMacAddr	24	static
../drivers/fsl_enet.c:972:6:ENET_SetSMI	24	static
../drivers/fsl_enet.c:1016:6:ENET_StartSMIWrite	24	static
../drivers/fsl_enet.c:1035:6:ENET_StartSMIRead	24	static
../drivers/fsl_enet.c:1045:17:ENET_QOS_MDIOWaitTransferOver	24	static
../drivers/fsl_enet.c:1083:10:ENET_MDIOWrite	16	static
../drivers/fsl_enet.c:1100:10:ENET_MDIORead	32	static
../drivers/fsl_enet.c:1129:6:ENET_EnterPowerDown	24	static
../drivers/fsl_enet.c:1162:10:ENET_SetVlanCtrl	24	static
../drivers/fsl_enet.c:1200:10:ENET_SetTxOuterVlan	32	static
../drivers/fsl_enet.c:1248:10:ENET_SetTxInnerVlan	24	static
../drivers/fsl_enet.c:1293:10:ENET_GetRxFrameSize	40	static
../drivers/fsl_enet.c:1369:10:ENET_ReadFrame	64	static
../drivers/fsl_enet.c:1528:6:ENET_UpdateRxDescriptor	32	static
../drivers/fsl_enet.c:1575:10:ENET_RxBufferAllocAll	40	static
../drivers/fsl_enet.c:1655:6:ENET_RxBufferFreeAll	40	static
../drivers/fsl_enet.c:1691:20:ENET_GetRxFrameErr	24	static
../drivers/fsl_enet.c:1704:13:ENET_DropFrame	48	static
../drivers/fsl_enet.c:1788:10:ENET_GetRxFrame	88	static
../drivers/fsl_enet.c:2095:6:ENET_SetupTxDescriptor	32	static
../drivers/fsl_enet.c:2154:13:ENET_ConfigTxDescriptor	24	static
../drivers/fsl_enet.c:2204:6:ENET_ReclaimTxDescriptor	56	static
../drivers/fsl_enet.c:2274:10:ENET_SendFrame	88	static
../drivers/fsl_enet.c:2497:6:ENET_IRQHandler	40	static
../drivers/fsl_enet.c:2555:6:ETHERNET_DriverIRQHandler	8	static
