../drivers/fsl_spc.h:867:34:SPC_GetActiveModeBandgapMode	16	static
../drivers/fsl_spc.h:879:24:SPC_GetActiveModeVoltageDetectStatus	24	static
../drivers/fsl_spc.h:928:20:SPC_EnableActiveModeCMPBandgapBuffer	16	static
../drivers/fsl_spc.h:1018:20:SPC_CheckActiveModeVddCoreGlitchDetectEnabled	16	static
../drivers/fsl_spc.h:1081:34:SPC_GetLowPowerModeBandgapMode	16	static
../drivers/fsl_spc.h:1092:24:SPC_GetLowPowerModeVoltageDetectStatus	24	static
../drivers/fsl_spc.h:1122:20:SPC_EnableLowPowerModeLowPowerIREF	16	static
../drivers/fsl_spc.h:1216:20:SPC_EnableLowPowerModeCMPBandgapBuffer	16	static
../drivers/fsl_spc.h:1242:20:SPC_EnableLowPowerModeCoreVDDInternalVoltageScaling	16	static
../drivers/fsl_spc.h:1327:20:SPC_CheckLowPowerModeVddCoreGlitchDetectEnabled	16	static
../drivers/fsl_spc.h:1891:44:SPC_GetActiveModeCoreLDOVDDVoltageLevel	16	static
../drivers/fsl_spc.h:1918:45:SPC_GetActiveModeCoreLDODriveStrength	16	static
../drivers/fsl_spc.h:2307:20:SPC_SetActiveModeDCDCRegulatorVoltageLevel	16	static
../drivers/fsl_spc.h:2405:20:SPC_SetLowPowerModeDCDCRegulatorVoltageLevel	16	static
../drivers/fsl_spc.c:46:35:SPC_GetPowerDomainLowPowerMode	24	static
../drivers/fsl_spc.c:66:9:SPC_GetPeriphIOIsolationStatus	24	static
../drivers/fsl_spc.c:82:6:SPC_SetLowPowerRequestConfig	24	static
../drivers/fsl_spc.c:111:6:SPC_ConfigVddCoreGlitchDetector	24	static
../drivers/fsl_spc.c:136:6:SPC_SetSRAMOperateVoltage	24	static
../drivers/fsl_spc.c:177:10:SPC_SetActiveModeBandgapModeConfig	24	static
../drivers/fsl_spc.c:253:10:SPC_SetLowPowerModeBandgapmodeConfig	24	static
../drivers/fsl_spc.c:317:6:SPC_SetCoreVoltageDetectConfig	24	static
../drivers/fsl_spc.c:347:10:SPC_EnableActiveModeCoreHighVoltageDetect	24	static
../drivers/fsl_spc.c:377:10:SPC_EnableLowPowerModeCoreHighVoltageDetect	24	static
../drivers/fsl_spc.c:407:10:SPC_EnableActiveModeCoreLowVoltageDetect	24	static
../drivers/fsl_spc.c:436:10:SPC_EnableLowPowerModeCoreLowVoltageDetect	24	static
../drivers/fsl_spc.c:463:6:SPC_SetSystemVDDLowVoltageLevel	16	static
../drivers/fsl_spc.c:490:6:SPC_SetSystemVoltageDetectConfig	24	static
../drivers/fsl_spc.c:521:10:SPC_EnableActiveModeSystemHighVoltageDetect	24	static
../drivers/fsl_spc.c:551:10:SPC_EnableActiveModeSystemLowVoltageDetect	24	static
../drivers/fsl_spc.c:581:10:SPC_EnableLowPowerModeSystemHighVoltageDetect	24	static
../drivers/fsl_spc.c:611:10:SPC_EnableLowPowerModeSystemLowVoltageDetect	24	static
../drivers/fsl_spc.c:637:6:SPC_SetIOVDDLowVoltageLevel	24	static
../drivers/fsl_spc.c:660:6:SPC_SetIOVoltageDetectConfig	24	static
../drivers/fsl_spc.c:694:10:SPC_EnableActiveModeIOHighVoltageDetect	24	static
../drivers/fsl_spc.c:724:10:SPC_EnableActiveModeIOLowVoltageDetect	24	static
../drivers/fsl_spc.c:753:10:SPC_EnableLowPowerModeIOHighVoltageDetect	24	static
../drivers/fsl_spc.c:782:10:SPC_EnableLowPowerModeIOLowVoltageDetect	24	static
../drivers/fsl_spc.c:808:6:SPC_SetExternalVoltageDomainsConfig	24	static
../drivers/fsl_spc.c:831:10:SPC_SetActiveModeCoreLDORegulatorConfig	16	static
../drivers/fsl_spc.c:886:10:SPC_SetActiveModeCoreLDORegulatorVoltageLevel	16	static
../drivers/fsl_spc.c:924:10:SPC_SetActiveModeCoreLDORegulatorDriveStrength	16	static
../drivers/fsl_spc.c:969:10:SPC_SetLowPowerModeCoreLDORegulatorConfig	24	static
../drivers/fsl_spc.c:1007:10:SPC_SetLowPowerModeCoreLDORegulatorVoltageLevel	16	static
../drivers/fsl_spc.c:1042:10:SPC_SetLowPowerModeCoreLDORegulatorDriveStrength	16	static
../drivers/fsl_spc.c:1091:10:SPC_SetActiveModeSystemLDORegulatorConfig	16	static
../drivers/fsl_spc.c:1144:10:SPC_SetActiveModeSystemLDORegulatorVoltageLevel	16	static
../drivers/fsl_spc.c:1173:10:SPC_SetActiveModeSystemLDORegulatorDriveStrength	16	static
../drivers/fsl_spc.c:1216:10:SPC_SetLowPowerModeSystemLDORegulatorConfig	24	static
../drivers/fsl_spc.c:1246:10:SPC_SetLowPowerModeSystemLDORegulatorDriveStrength	16	static
../drivers/fsl_spc.c:1284:10:SPC_SetActiveModeDCDCRegulatorConfig	24	static
../drivers/fsl_spc.c:1327:10:SPC_SetActiveModeDCDCRegulatorDriveStrength	16	static
../drivers/fsl_spc.c:1358:10:SPC_SetLowPowerModeDCDCRegulatorConfig	16	static
../drivers/fsl_spc.c:1409:10:SPC_SetLowPowerModeDCDCRegulatorDriveStrength	16	static
../drivers/fsl_spc.c:1431:6:SPC_SetDCDCBurstConfig	24	static
../drivers/fsl_spc.c:1468:6:SPC_SetDCDCRefreshCount	24	static
../drivers/fsl_spc.c:1512:10:SPC_SetActiveModeRegulatorsConfig	24	static
../drivers/fsl_spc.c:1610:10:SPC_SetLowPowerModeRegulatorsConfig	24	static
