../drivers/fsl_clock.h:1394:20:CLOCK_EnableClock	24	static
../drivers/fsl_clock.h:1420:20:CLOCK_DisableClock	24	static
../drivers/fsl_tsi_v6.h:755:24:TSI_GetStatusFlags	16	static
../drivers/fsl_tsi_v6.h:791:20:TSI_EnableModule	16	static
../drivers/fsl_tsi_v6.h:838:20:TSI_EnableHardwareTriggerScan	16	static
../drivers/fsl_tsi_v6.h:858:20:TSI_StartSoftwareTrigger	16	static
../drivers/fsl_tsi_v6.h:871:20:TSI_SetSelfCapMeasuredChannel	16	static
../drivers/fsl_tsi_v6.h:919:24:TSI_GetCounter	16	static
../drivers/fsl_tsi_v6.c:34:10:TSI_GetInstance	24	static
../drivers/fsl_tsi_v6.c:61:6:TSI_InitSelfCapMode	32	static
../drivers/fsl_tsi_v6.c:131:6:TSI_InitMutualCapMode	32	static
../drivers/fsl_tsi_v6.c:205:6:TSI_Deinit	24	static
../drivers/fsl_tsi_v6.c:246:6:TSI_GetSelfCapModeDefaultConfig	16	static
../drivers/fsl_tsi_v6.c:300:6:TSI_GetMutualCapModeDefaultConfig	16	static
../drivers/fsl_tsi_v6.c:344:6:TSI_SelfCapCalibrate	32	static
../drivers/fsl_tsi_v6.c:383:6:TSI_EnableInterrupts	24	static
../drivers/fsl_tsi_v6.c:408:6:TSI_DisableInterrupts	24	static
../drivers/fsl_tsi_v6.c:434:6:TSI_ClearStatusFlags	24	static
