../lwip/src/core/tcp.c:202:1:tcp_init	4	static
../lwip/src/core/tcp.c:211:1:tcp_free	16	static
../lwip/src/core/tcp.c:222:1:tcp_free_listen	16	static
../lwip/src/core/tcp.c:235:1:tcp_tmr	8	static
../lwip/src/core/tcp.c:252:1:tcp_remove_listener	24	static
../lwip/src/core/tcp.c:270:1:tcp_listen_closed	24	static
../lwip/src/core/tcp.c:295:1:tcp_backlog_delayed	16	static
../lwip/src/core/tcp.c:318:1:tcp_backlog_accepted	16	static
../lwip/src/core/tcp.c:349:1:tcp_close_shutdown	48	static
../lwip/src/core/tcp.c:410:1:tcp_close_shutdown_fin	24	static
../lwip/src/core/tcp.c:485:1:tcp_close	16	static
../lwip/src/core/tcp.c:516:1:tcp_shutdown	24	static
../lwip/src/core/tcp.c:564:1:tcp_abandon	64	static
../lwip/src/core/tcp.c:639:1:tcp_abort	16	static
../lwip/src/core/tcp.c:663:1:tcp_bind	40	static
../lwip/src/core/tcp.c:765:1:tcp_bind_netif	16	static
../lwip/src/core/tcp.c:780:1:tcp_accept_null	24	static
../lwip/src/core/tcp.c:827:1:tcp_listen_with_backlog	16	static
../lwip/src/core/tcp.c:850:1:tcp_listen_with_backlog_and_err	40	static
../lwip/src/core/tcp.c:935:1:tcp_update_rcv_ann_wnd	24	static
../lwip/src/core/tcp.c:973:1:tcp_recved	24	static
../lwip/src/core/tcp.c:1016:1:tcp_new_port	16	static
../lwip/src/core/tcp.c:1072:1:tcp_connect	48	static
../lwip/src/core/tcp.c:1197:1:tcp_slowtmr	80	static
../lwip/src/core/tcp.c:1494:1:tcp_fasttmr	16	static
../lwip/src/core/tcp.c:1541:1:tcp_txnow	16	static
../lwip/src/core/tcp.c:1554:1:tcp_process_refused_data	32	static
../lwip/src/core/tcp.c:1623:1:tcp_segs_free	24	static
../lwip/src/core/tcp.c:1638:1:tcp_seg_free	16	static
../lwip/src/core/tcp.c:1659:1:tcp_setprio	16	static
../lwip/src/core/tcp.c:1716:1:tcp_recv_null	24	static
../lwip/src/core/tcp.c:1738:1:tcp_kill_prio	32	static
../lwip/src/core/tcp.c:1784:1:tcp_kill_state	32	static
../lwip/src/core/tcp.c:1816:1:tcp_kill_timewait	24	static
../lwip/src/core/tcp.c:1843:1:tcp_handle_closepend	16	static
../lwip/src/core/tcp.c:1866:1:tcp_alloc	24	static
../lwip/src/core/tcp.c:1984:1:tcp_new	8	static
../lwip/src/core/tcp.c:2002:1:tcp_new_ip_type	24	static
../lwip/src/core/tcp.c:2028:1:tcp_arg	16	static
../lwip/src/core/tcp.c:2051:1:tcp_recv	16	static
../lwip/src/core/tcp.c:2071:1:tcp_sent	16	static
../lwip/src/core/tcp.c:2097:1:tcp_err	16	static
../lwip/src/core/tcp.c:2117:1:tcp_accept	24	static
../lwip/src/core/tcp.c:2146:1:tcp_poll	24	static
../lwip/src/core/tcp.c:2168:1:tcp_pcb_purge	16	static
../lwip/src/core/tcp.c:2218:1:tcp_pcb_remove	24	static
../lwip/src/core/tcp.c:2256:1:tcp_next_iss	16	static
../lwip/src/core/tcp.c:2279:1:tcp_eff_send_mss_netif	32	static
../lwip/src/core/tcp.c:2340:1:tcp_netif_ip_addr_changed_pcblist	24	static
../lwip/src/core/tcp.c:2372:1:tcp_netif_ip_addr_changed	24	static
../lwip/src/core/tcp.c:2395:1:tcp_debug_state_str	16	static
../lwip/src/core/tcp.c:2401:1:tcp_tcp_get_tcp_addrinfo	24	static
