D:\Documents\MCUXpressoIDE_11.10.0_3148\frdmmcxn947_lwip_dhcp_bm\CMSIS/core_cm33.h:2390:22:__NVIC_EnableIRQ	16	static
../drivers/fsl_clock.h:1394:20:CLOCK_EnableClock	24	static
../drivers/fsl_clock.h:1420:20:CLOCK_DisableClock	24	static
../drivers/fsl_common_arm.h:570:24:EnableIRQ	24	static
../drivers/fsl_i3c.h:845:24:I3C_MasterGetStatusFlags	16	static
../drivers/fsl_i3c.h:868:20:I3C_MasterClearStatusFlags	16	static
../drivers/fsl_i3c.h:885:24:I3C_MasterGetErrorStatusFlags	16	static
../drivers/fsl_i3c.h:899:20:I3C_MasterClearErrorStatusFlags	16	static
../drivers/fsl_i3c.h:930:20:I3C_MasterEnableInterrupts	16	static
../drivers/fsl_i3c.h:945:20:I3C_MasterDisableInterrupts	16	static
../drivers/fsl_i3c.h:957:24:I3C_MasterGetEnabledInterrupts	16	static
../drivers/fsl_i3c.h:969:24:I3C_MasterGetPendingInterrupts	16	static
../drivers/fsl_i3c.h:1036:20:I3C_MasterSetWatermarks	16	static
../drivers/fsl_i3c.h:1052:20:I3C_MasterGetFifoCounts	24	static
../drivers/fsl_i3c.h:1090:20:I3C_MasterGetBusIdleState	16	static
../drivers/fsl_i3c.h:1174:24:I3C_MasterRepeatedStart	24	static
../drivers/fsl_i3c.h:1250:20:I3C_MasterEmitIBIResponse	24	static
../drivers/fsl_i3c.h:1288:23:I3C_GetIBIAddress	16	static
../drivers/fsl_i3c.h:1514:24:I3C_SlaveGetStatusFlags	16	static
../drivers/fsl_i3c.h:1535:20:I3C_SlaveClearStatusFlags	16	static
../drivers/fsl_i3c.h:1552:24:I3C_SlaveGetErrorStatusFlags	16	static
../drivers/fsl_i3c.h:1566:20:I3C_SlaveClearErrorStatusFlags	16	static
../drivers/fsl_i3c.h:1606:20:I3C_SlaveEnableInterrupts	16	static
../drivers/fsl_i3c.h:1631:20:I3C_SlaveDisableInterrupts	16	static
../drivers/fsl_i3c.h:1643:24:I3C_SlaveGetEnabledInterrupts	16	static
../drivers/fsl_i3c.h:1655:24:I3C_SlaveGetPendingInterrupts	16	static
../drivers/fsl_i3c.h:1738:20:I3C_SlaveGetFifoCounts	24	static
../drivers/fsl_i3c.c:328:10:I3C_GetInstance	24	static
../drivers/fsl_i3c.c:361:10:I3C_MasterCheckAndClearError	24	static
../drivers/fsl_i3c.c:434:10:I3C_MasterWaitForCtrlDone	32	static
../drivers/fsl_i3c.c:478:17:I3C_MasterWaitForTxReady	32	static
../drivers/fsl_i3c.c:516:17:I3C_MasterWaitForComplete	32	static
../drivers/fsl_i3c.c:576:10:I3C_SlaveCheckAndClearError	24	static
../drivers/fsl_i3c.c:652:17:I3C_SlaveWaitForTxReady	32	static
../drivers/fsl_i3c.c:690:17:I3C_MasterEmitStop	24	static
../drivers/fsl_i3c.c:717:16:I3C_GetIBIType	24	static
../drivers/fsl_i3c.c:748:10:I3C_CheckForBusyBus	16	static
../drivers/fsl_i3c.c:756:6:I3C_GetDefaultConfig	16	static
../drivers/fsl_i3c.c:798:6:I3C_Init	48	static
../drivers/fsl_i3c.c:926:6:I3C_MasterGetDefaultConfig	16	static
../drivers/fsl_i3c.c:952:6:I3C_MasterInit	48	static
../drivers/fsl_i3c.c:1007:20:I3C_MasterGetState	24	static
../drivers/fsl_i3c.c:1054:6:I3C_MasterDeinit	24	static
../drivers/fsl_i3c.c:1072:17:I3C_CalcErrorRatio	16	static
../drivers/fsl_i3c.c:1094:6:I3C_MasterSetBaudRate	96	static
../drivers/fsl_i3c.c:1195:10:I3C_MasterStartWithRxSize	32	static
../drivers/fsl_i3c.c:1224:10:I3C_MasterStart	32	static
../drivers/fsl_i3c.c:1257:10:I3C_MasterRepeatedStartWithRxSize	24	static
../drivers/fsl_i3c.c:1304:10:I3C_MasterStop	16	static
../drivers/fsl_i3c.c:1315:6:I3C_MasterEmitRequest	24	static
../drivers/fsl_i3c.c:1337:6:I3C_MasterRegisterIBI	24	static
../drivers/fsl_i3c.c:1363:6:I3C_MasterGetIBIRules	24	static
../drivers/fsl_i3c.c:1392:10:I3C_MasterReceive	48	static
../drivers/fsl_i3c.c:1506:10:I3C_MasterSend	40	static
../drivers/fsl_i3c.c:1588:10:I3C_MasterProcessDAASpecifiedBaudrate	80	static
../drivers/fsl_i3c.c:1728:20:I3C_MasterGetDeviceListAfterDAA	16	static
../drivers/fsl_i3c.c:1744:13:I3C_MasterClearFlagsAndEnableIRQ	16	static
../drivers/fsl_i3c.c:1762:13:I3C_MasterTransferNoStartFlag	24	static
../drivers/fsl_i3c.c:1796:10:I3C_MasterTransferBlocking	40	static
../drivers/fsl_i3c.c:2016:6:I3C_MasterTransferCreateHandle	32	static
../drivers/fsl_i3c.c:2056:13:I3C_TransferStateMachineIBIWonState	40	static
../drivers/fsl_i3c.c:2102:13:I3C_TransferStateMachineSendCommandState	24	static
../drivers/fsl_i3c.c:2157:13:I3C_TransferStateMachineWaitRepeatedStartCompleteState	32	static
../drivers/fsl_i3c.c:2185:13:I3C_TransferStateMachineTransferDataState	32	static
../drivers/fsl_i3c.c:2249:13:I3C_TransferStateMachineWaitForCompletionState	16	static
../drivers/fsl_i3c.c:2263:13:I3C_TransferStateMachineStopState	24	static
../drivers/fsl_i3c.c:2288:17:I3C_RunTransferStateMachine	56	static
../drivers/fsl_i3c.c:2388:17:I3C_InitTransferStateMachine	32	static
../drivers/fsl_i3c.c:2491:10:I3C_MasterTransferNonBlocking	40	static
../drivers/fsl_i3c.c:2564:10:I3C_MasterTransferGetCount	40	static
../drivers/fsl_i3c.c:2626:6:I3C_MasterTransferAbort	16	static
../drivers/fsl_i3c.c:2651:6:I3C_MasterTransferHandleIRQ	40	static
../drivers/fsl_i3c.c:2715:6:I3C_SlaveGetDefaultConfig	16	static
../drivers/fsl_i3c.c:2757:6:I3C_SlaveInit	40	static
../drivers/fsl_i3c.c:2863:6:I3C_SlaveDeinit	24	static
../drivers/fsl_i3c.c:2887:28:I3C_SlaveGetActivityState	24	static
../drivers/fsl_i3c.c:2921:6:I3C_SlaveRequestEvent	24	static
../drivers/fsl_i3c.c:2939:6:I3C_SlaveRequestIBIWithSingleData	32	static
../drivers/fsl_i3c.c:2956:6:I3C_SlaveRequestIBIWithData	32	static
../drivers/fsl_i3c.c:3017:10:I3C_SlaveSend	32	static
../drivers/fsl_i3c.c:3056:10:I3C_SlaveReceive	32	static
../drivers/fsl_i3c.c:3117:6:I3C_SlaveTransferCreateHandle	32	static
../drivers/fsl_i3c.c:3175:10:I3C_SlaveTransferNonBlocking	24	static
../drivers/fsl_i3c.c:3212:10:I3C_SlaveTransferGetCount	24	static
../drivers/fsl_i3c.c:3242:6:I3C_SlaveTransferAbort	16	static
../drivers/fsl_i3c.c:3260:13:I3C_SlaveTransferHandleGetStatusFlags	32	static
../drivers/fsl_i3c.c:3287:13:I3C_SlaveTransferHandleBusStart	24	static
../drivers/fsl_i3c.c:3295:13:I3C_SlaveTransferHandleEventSent	24	static
../drivers/fsl_i3c.c:3304:13:I3C_SlaveTransferHandleReceivedCCC	24	static
../drivers/fsl_i3c.c:3314:13:I3C_SlaveTransferHandleBusStop	24	static
../drivers/fsl_i3c.c:3348:13:I3C_SlaveTransferHandleMatched	24	static
../drivers/fsl_i3c.c:3359:13:I3C_SlaveTransferHandleTxReady	24	static
../drivers/fsl_i3c.c:3408:13:I3C_SlaveTransferHandleRxReady	24	static
../drivers/fsl_i3c.c:3445:6:I3C_SlaveTransferHandleIRQ	40	static
../drivers/fsl_i3c.c:3511:13:I3C_CommonIRQHandler	16	static
../drivers/fsl_i3c.c:3541:6:I3C0_DriverIRQHandler	8	static
../drivers/fsl_i3c.c:3550:6:I3C1_DriverIRQHandler	8	static
