../drivers/fsl_clock.h:1838:22:CLOCK_IsPLL0Locked	4	static
../drivers/fsl_clock.h:1846:22:CLOCK_IsPLL1Locked	4	static
../drivers/fsl_clock.c:145:10:CLOCK_SetupFROHFClocking	16	static
../drivers/fsl_clock.c:179:10:CLOCK_SetupExtClocking	24	static
../drivers/fsl_clock.c:253:10:CLOCK_SetupExtRefClocking	24	static
../drivers/fsl_clock.c:330:10:CLOCK_SetupOsc32KClocking	16	static
../drivers/fsl_clock.c:372:10:CLOCK_SetupClk16KClocking	16	static
../drivers/fsl_clock.c:390:10:CLOCK_FROHFTrimConfig	16	static
../drivers/fsl_clock.c:415:10:CLOCK_FRO12MTrimConfig	16	static
../drivers/fsl_clock.c:444:6:CLOCK_SetSysOscMonitorMode	24	static
../drivers/fsl_clock.c:463:6:CLOCK_SetRoscMonitorMode	24	static
../drivers/fsl_clock.c:482:6:CLOCK_SetUpllMonitorMode	24	static
../drivers/fsl_clock.c:501:6:CLOCK_SetPll0MonitorMode	24	static
../drivers/fsl_clock.c:520:6:CLOCK_SetPll1MonitorMode	24	static
../drivers/fsl_clock.c:538:10:CLOCK_SetFLASHAccessCyclesForFreq	24	static
../drivers/fsl_clock.c:620:6:VBAT_SetOscConfig	24	static
../drivers/fsl_clock.c:665:6:CLOCK_AttachClk	40	static
../drivers/fsl_clock.c:714:19:CLOCK_GetClockAttachId	48	static
../drivers/fsl_clock.c:763:6:CLOCK_SetClkDiv	24	static
../drivers/fsl_clock.c:787:10:CLOCK_GetClkDiv	24	static
../drivers/fsl_clock.c:812:6:CLOCK_HaltClkDiv	24	static
../drivers/fsl_clock.c:830:6:CLOCK_SetupClockCtrl	16	static
../drivers/fsl_clock.c:841:10:CLOCK_GetFreq	24	static
../drivers/fsl_clock.c:930:10:CLOCK_GetCTimerClkFreq	24	static
../drivers/fsl_clock.c:984:10:CLOCK_GetAdcClkFreq	24	static
../drivers/fsl_clock.c:1024:10:CLOCK_GetUsb0ClkFreq	16	static
../drivers/fsl_clock.c:1061:10:CLOCK_GetLPFlexCommClkFreq	24	static
../drivers/fsl_clock.c:1097:10:CLOCK_GetSctClkFreq	16	static
../drivers/fsl_clock.c:1136:10:CLOCK_GetTsiClkFreq	16	static
../drivers/fsl_clock.c:1160:10:CLOCK_GetSincFilterClkFreq	16	static
../drivers/fsl_clock.c:1195:10:CLOCK_GetDacClkFreq	24	static
../drivers/fsl_clock.c:1228:10:CLOCK_GetFlexspiClkFreq	16	static
../drivers/fsl_clock.c:1257:10:CLOCK_GetPll0OutFreq	32	static
../drivers/fsl_clock.c:1285:10:CLOCK_GetPll1OutFreq	32	static
../drivers/fsl_clock.c:1313:10:CLOCK_GetPllClkDivFreq	16	static
../drivers/fsl_clock.c:1340:10:CLOCK_GetExtUpllFreq	4	static
../drivers/fsl_clock.c:1354:6:CLOCK_SetExtUpllFreq	16	static
../drivers/fsl_clock.c:1363:10:CLOCK_GetI3cClkFreq	24	static
../drivers/fsl_clock.c:1399:10:CLOCK_GetI3cSTCClkFreq	24	static
../drivers/fsl_clock.c:1446:10:CLOCK_GetI3cSClkFreq	24	static
../drivers/fsl_clock.c:1471:10:CLOCK_GetMicfilClkFreq	16	static
../drivers/fsl_clock.c:1512:10:CLOCK_GetUsdhcClkFreq	16	static
../drivers/fsl_clock.c:1547:10:CLOCK_GetFlexioClkFreq	16	static
../drivers/fsl_clock.c:1582:10:CLOCK_GetFlexcanClkFreq	24	static
../drivers/fsl_clock.c:1618:10:CLOCK_GetEnetRmiiClkFreq	16	static
../drivers/fsl_clock.c:1645:10:CLOCK_GetEnetPtpRefClkFreq	16	static
../drivers/fsl_clock.c:1675:6:CLOCK_SetupEnetTxClk	16	static
../drivers/fsl_clock.c:1686:10:CLOCK_GetEnetTxClkFreq	4	static
../drivers/fsl_clock.c:1695:10:CLOCK_GetEwm0ClkFreq	16	static
../drivers/fsl_clock.c:1719:10:CLOCK_GetWdtClkFreq	24	static
../drivers/fsl_clock.c:1760:10:CLOCK_GetOstimerClkFreq	16	static
../drivers/fsl_clock.c:1787:10:CLOCK_GetCmpFClkFreq	24	static
../drivers/fsl_clock.c:1827:10:CLOCK_GetCmpRRClkFreq	24	static
../drivers/fsl_clock.c:1867:10:CLOCK_GetSaiClkFreq	24	static
../drivers/fsl_clock.c:1903:6:CLOCK_SetupSaiMclk	16	static
../drivers/fsl_clock.c:1914:6:CLOCK_SetupSaiTxBclk	16	static
../drivers/fsl_clock.c:1925:6:CLOCK_SetupSaiRxBclk	16	static
../drivers/fsl_clock.c:1936:10:CLOCK_GetSaiMclkFreq	16	static
../drivers/fsl_clock.c:1945:10:CLOCK_GetSaiTxBclkFreq	16	static
../drivers/fsl_clock.c:1954:10:CLOCK_GetSaiRxBclkFreq	16	static
../drivers/fsl_clock.c:1963:10:CLOCK_GetEmvsimClkFreq	24	static
../drivers/fsl_clock.c:2000:10:CLOCK_GetPLL0InClockRate	16	static
../drivers/fsl_clock.c:2024:10:CLOCK_GetPLL1InClockRate	16	static
../drivers/fsl_clock.c:2052:10:CLOCK_GetPLLOutFromSetup	40	static
../drivers/fsl_clock.c:2080:13:CLOCK_SetupPLLData	24	static
../drivers/fsl_clock.c:2131:13:CLOCK_SetPLL0Freq	40	static
../drivers/fsl_clock.c:2189:13:CLOCK_SetPLL1Freq	40	static
../drivers/fsl_clock.c:2239:6:CLOCK_EnableOstimer32kClock	4	static
../drivers/fsl_clock.c:2248:17:CLOCK_GetFro12MFreq	4	static
../drivers/fsl_clock.c:2257:17:CLOCK_GetClk1MFreq	4	static
../drivers/fsl_clock.c:2266:17:CLOCK_GetFroHfFreq	16	static
../drivers/fsl_clock.c:2290:17:CLOCK_GetClk48MFreq	4	static
../drivers/fsl_clock.c:2299:17:CLOCK_GetClk144MFreq	4	static
../drivers/fsl_clock.c:2308:17:CLOCK_GetClk16KFreq	16	static
../drivers/fsl_clock.c:2319:17:CLOCK_GetExtClkFreq	4	static
../drivers/fsl_clock.c:2328:17:CLOCK_GetOsc32KFreq	16	static
../drivers/fsl_clock.c:2339:10:CLOCK_GetMainClkFreq	16	static
../drivers/fsl_clock.c:2378:10:CLOCK_GetCoreSysClkFreq	16	static
../drivers/fsl_clock.c:2391:17:CLOCK_GetSystickClkFreq	24	static
../drivers/fsl_clock.c:2418:17:CLOCK_GetClockOutClkFreq	16	static
../drivers/fsl_clock.c:2459:17:CLOCK_GetLposcFreq	16	static
../drivers/fsl_clock.c:2480:13:pllFindSel	32	static
../drivers/fsl_clock.c:2524:17:findPll0PreDiv	16	static
../drivers/fsl_clock.c:2541:17:findPll1PreDiv	16	static
../drivers/fsl_clock.c:2558:17:findPll0PostDiv	16	static
../drivers/fsl_clock.c:2582:17:findPll1PostDiv	16	static
../drivers/fsl_clock.c:2606:14:findPll0MMult	24	static
../drivers/fsl_clock.c:2632:14:findPll1MMult	24	static
../drivers/fsl_clock.c:2658:17:FindGreatestCommonDivisor	24	static
../drivers/fsl_clock.c:2684:20:CLOCK_GetPllConfig	32	static
../drivers/fsl_clock.c:2739:20:CLOCK_GetPllConfigInternal	128	static
../drivers/fsl_clock.c:2896:17:CLOCK_GetPLLInClockRateFromSetup	24	static
../drivers/fsl_clock.c:2920:17:findPllPreDivFromSetup	24	static
../drivers/fsl_clock.c:2937:17:findPllPostDivFromSetup	24	static
../drivers/fsl_clock.c:2961:14:findPllMMultFromSetup	32	static
../drivers/fsl_clock.c:2989:6:CLOCK_EnableUsbfsClock	8	static
../drivers/fsl_clock.c:3010:6:CLOCK_EnableUsbhsPhyPllClock	24	static
../drivers/fsl_clock.c:3098:6:CLOCK_DisableUsbhsPhyPllClock	4	static
../drivers/fsl_clock.c:3107:6:CLOCK_EnableUsbhsClock	16	static
../drivers/fsl_clock.c:3122:10:CLOCK_FIRCAutoTrimWithSOF	16	static
