../utilities/fsl_str.c:82:16:PrintGetSignChar	32	static
../utilities/fsl_str.c:109:17:PrintGetWidth	24	static
../utilities/fsl_str.c:138:17:PrintGetPrecision	40	static
../utilities/fsl_str.c:195:17:PrintIsobpu	24	static
../utilities/fsl_str.c:205:17:PrintIsdi	24	static
../utilities/fsl_str.c:215:13:PrintOutputdifFobpu	32	static
../utilities/fsl_str.c:268:13:PrintOutputxX	40	static
../utilities/fsl_str.c:329:17:PrintIsfF	24	static
../utilities/fsl_str.c:339:17:PrintIsxX	24	static
../utilities/fsl_str.c:350:17:PrintCheckFlags	32	static
../utilities/fsl_str.c:391:17:PrintGetLengthFlag	24	static
../utilities/fsl_str.c:462:16:PrintGetRadixFromobpu	24	static
../utilities/fsl_str.c:485:17:ScanIsWhiteSpace	24	static
../utilities/fsl_str.c:495:17:ScanIgnoreWhiteSpace	24	static
../utilities/fsl_str.c:510:16:ConvertRadixNumToString	200	static
../utilities/fsl_str.c:658:16:ConvertFloatRadixNumToString	112	static
../utilities/fsl_str.c:763:13:StrFormatExaminedi	40	static
../utilities/fsl_str.c:785:13:StrFormatExaminexX	40	static
../utilities/fsl_str.c:807:13:StrFormatExamineobpu	40	static
../utilities/fsl_str.c:828:16:ConvertPrecisionWidthToLength	32	static
../utilities/fsl_str.c:863:5:StrFormatPrintf	176	static
../utilities/fsl_str.c:1115:16:StrFormatScanIsFormatStarting	24	static
../utilities/fsl_str.c:1134:16:StrFormatScanGetBase	16	static
../utilities/fsl_str.c:1157:16:StrFormatScanCheckSymbol	24	static
../utilities/fsl_str.c:1178:16:StrFormatScanFillInteger	24	static
../utilities/fsl_str.c:1327:16:StrFormatScanfStringHandling	40	static
../utilities/fsl_str.c:1453:13:StrFormatScanfHandleChar	24	static
../utilities/fsl_str.c:1492:13:StrFormatScanfHandleString	24	static
../utilities/fsl_str.c:1539:5:StrFormatScanf	104	static
