D:\Documents\MCUXpressoIDE_11.10.0_3148\frdmmcxn947_lwip_dhcp_bm\drivers/fsl_common_arm.h:788:24:DisableGlobalIRQ	16	static
D:\Documents\MCUXpressoIDE_11.10.0_3148\frdmmcxn947_lwip_dhcp_bm\drivers/fsl_common_arm.h:814:20:EnableGlobalIRQ	24	static
../utilities/fsl_shell.h:322:24:SHELL_checkRunningInIsr	4	static
../utilities/fsl_shell.c:272:13:SHELL_WriteBuffer	32	static
../utilities/fsl_shell.c:306:12:SHELL_Sprintf	32	static
../utilities/fsl_shell.c:317:13:SHELL_hisOperation	16	static
../utilities/fsl_shell.c:356:13:SHELL_SerialManagerHandle	16	static
../utilities/fsl_shell.c:372:13:SHELL_MoveCursorToBeginningLine	24	static
../utilities/fsl_shell.c:388:13:SHELL_HandleBackspaceKey	32	static
../utilities/fsl_shell.c:418:13:SHELL_HandleNormalChar	32	static
../utilities/fsl_shell.c:443:13:SHELL_HandleInputTooLong	16	static
../utilities/fsl_shell.c:454:6:SHELL_Task	40	static
../utilities/fsl_shell.c:618:23:SHELL_HelpCommand	48	static
../utilities/fsl_shell.c:638:23:SHELL_ExitCommand	32	static
../utilities/fsl_shell.c:647:13:SHELL_ProcessCommand	304	static
../utilities/fsl_shell.c:765:13:SHELL_GetHistoryCommand	32	static
../utilities/fsl_shell.c:802:13:SHELL_AutoComplete	48	static
../utilities/fsl_shell.c:850:16:SHELL_StringCompare	24	static
../utilities/fsl_shell.c:862:16:SHELL_ParseLine	40	static
../utilities/fsl_shell.c:923:23:SHELL_GetChar	24	static
../utilities/fsl_shell.c:966:16:SHELL_Init	32	static
../utilities/fsl_shell.c:1052:16:SHELL_RegisterCommand	24	static
../utilities/fsl_shell.c:1066:16:SHELL_UnregisterCommand	16	static
../utilities/fsl_shell.c:1078:16:SHELL_Write	40	static
../utilities/fsl_shell.c:1123:5:SHELL_Printf	36	static
../utilities/fsl_shell.c:1168:16:SHELL_WriteSynchronization	32	static
../utilities/fsl_shell.c:1182:5:SHELL_PrintfSynchronization	36	static
../utilities/fsl_shell.c:1203:6:SHELL_ChangePrompt	24	static
../utilities/fsl_shell.c:1215:6:SHELL_PrintPrompt	32	static
