../utilities/fsl_debug_console.c:424:10:DbgConsole_ReadOneCharacter	16	static
../utilities/fsl_debug_console.c:496:5:DbgConsole_SendData	24	static
../utilities/fsl_debug_console.c:549:5:DbgConsole_SendDataReliable	24	static
../utilities/fsl_debug_console.c:630:5:DbgConsole_ReadLine	24	static
../utilities/fsl_debug_console.c:696:5:DbgConsole_ReadCharacter	24	static
../utilities/fsl_debug_console.c:733:13:DbgConsole_PrintCallback	32	static
../utilities/fsl_debug_console.c:773:10:DbgConsole_Init	56	static
../utilities/fsl_debug_console.c:944:10:DbgConsole_EnterLowpower	16	static
../utilities/fsl_debug_console.c:955:10:DbgConsole_ExitLowpower	16	static
../utilities/fsl_debug_console.c:966:10:DbgConsole_Deinit	8	static
../utilities/fsl_debug_console.c:1009:40:DbgConsole_Flush	4	static
../utilities/fsl_debug_console.c:1048:5:DbgConsole_Printf	16	static
../utilities/fsl_debug_console.c:1061:5:DbgConsole_Vprintf	152	static
../utilities/fsl_debug_console.c:1077:5:DbgConsole_Putchar	16	static
../utilities/fsl_debug_console.c:1084:5:DbgConsole_Scanf	40	static
../utilities/fsl_debug_console.c:1103:5:DbgConsole_BlockingPrintf	16	static
../utilities/fsl_debug_console.c:1116:5:DbgConsole_BlockingVprintf	160	static
../utilities/fsl_debug_console.c:1185:5:DbgConsole_Getchar	16	static
