../lwip/src/core/ipv4/dhcp.c:274:1:dhcp_inc_pcb_refcount	8	static
../lwip/src/core/ipv4/dhcp.c:301:1:dhcp_dec_pcb_refcount	8	static
../lwip/src/core/ipv4/dhcp.c:325:1:dhcp_handle_nak	24	static
../lwip/src/core/ipv4/dhcp.c:413:1:dhcp_handle_offer	24	static
../lwip/src/core/ipv4/dhcp.c:447:1:dhcp_select	56	static
../lwip/src/core/ipv4/dhcp.c:511:1:dhcp_coarse_tmr	16	static
../lwip/src/core/ipv4/dhcp.c:549:1:dhcp_fine_tmr	16	static
../lwip/src/core/ipv4/dhcp.c:580:1:dhcp_timeout	24	static
../lwip/src/core/ipv4/dhcp.c:614:1:dhcp_t1_timeout	24	static
../lwip/src/core/ipv4/dhcp.c:641:1:dhcp_t2_timeout	24	static
../lwip/src/core/ipv4/dhcp.c:667:1:dhcp_handle_ack	24	static
../lwip/src/core/ipv4/dhcp.c:758:1:dhcp_set_struct	16	static
../lwip/src/core/ipv4/dhcp.c:782:6:dhcp_cleanup	24	static
../lwip/src/core/ipv4/dhcp.c:811:1:dhcp_start	24	static
../lwip/src/core/ipv4/dhcp.c:895:1:dhcp_inform	88	static
../lwip/src/core/ipv4/dhcp.c:939:1:dhcp_network_changed_link_up	24	static
../lwip/src/core/ipv4/dhcp.c:1020:1:dhcp_discover	48	static
../lwip/src/core/ipv4/dhcp.c:1084:1:dhcp_bind	48	static
../lwip/src/core/ipv4/dhcp.c:1158:1:dhcp_renew	48	static
../lwip/src/core/ipv4/dhcp.c:1214:1:dhcp_rebind	48	static
../lwip/src/core/ipv4/dhcp.c:1268:1:dhcp_reboot	56	static
../lwip/src/core/ipv4/dhcp.c:1326:1:dhcp_release_and_stop	56	static
../lwip/src/core/ipv4/dhcp.c:1401:1:dhcp_release	16	static
../lwip/src/core/ipv4/dhcp.c:1413:1:dhcp_stop	16	static
../lwip/src/core/ipv4/dhcp.c:1424:1:dhcp_set_state	16	static
../lwip/src/core/ipv4/dhcp.c:1439:1:dhcp_option	16	static
../lwip/src/core/ipv4/dhcp.c:1451:1:dhcp_option_byte	16	static
../lwip/src/core/ipv4/dhcp.c:1459:1:dhcp_option_short	16	static
../lwip/src/core/ipv4/dhcp.c:1468:1:dhcp_option_long	24	static
../lwip/src/core/ipv4/dhcp.c:1514:1:dhcp_parse_reply	80	static
../lwip/src/core/ipv4/dhcp.c:1763:1:dhcp_recv	48	static
../lwip/src/core/ipv4/dhcp.c:1884:1:dhcp_create_msg	40	static
../lwip/src/core/ipv4/dhcp.c:1970:1:dhcp_option_trailer	24	static
../lwip/src/core/ipv4/dhcp.c:1990:1:dhcp_supplied_address	24	static
